Godot Engine v4.6.1.stable.official.14d19694e - https://godotengine.org

Could not find version of build tools that matches Target SDK, using 36.0.0
[   0% ] [90m[1mfirst_scan_filesystem[22m | Started Project initialization (5 steps)[39m[0m
[   0% ] [90m[1mfirst_scan_filesystem[22m | Scanning file structure...[39m[0m
[  16% ] [90m[1mfirst_scan_filesystem[22m | Loading global class names...[39m[0m
[  33% ] [90m[1mfirst_scan_filesystem[22m | Verifying GDExtensions...[39m[0m
[  50% ] [90m[1mfirst_scan_filesystem[22m | Creating autoload scripts...[39m[0m
[  66% ] [90m[1mfirst_scan_filesystem[22m | Initializing plugins...[39m[0m
[  83% ] [90m[1mfirst_scan_filesystem[22m | Starting file scan...[39m[0m
[92m[ DONE ][39m [1mfirst_scan_filesystem[22m
[0m
[   0% ] [90m[1msavepack[22m | Started Packing (102 steps)[39m[0m
[   1% ] [90m[1msavepack[22m | Storing File: res://.godot/imported/barrels-outlined.webp-317b9f05e8b6b8d70b121ad448d45b48.ctex[39m[0m
[   1% ] [90m[1msavepack[22m | Storing File: res://assets/barrels-outlined.webp.import[39m[0m
[   1% ] [90m[1msavepack[22m | Storing File: res://.godot/imported/barrels.webp-7f9eedcdca405816fc4b33295a35f550.ctex[39m[0m
[   1% ] [90m[1msavepack[22m | Storing File: res://assets/barrels.webp.import[39m[0m
[   2% ] [90m[1msavepack[22m | Storing File: res://.godot/imported/base.webp-a208a5d78af047d0f4c7c850af5fa84f.ctex[39m[0m
[   2% ] [90m[1msavepack[22m | Storing File: res://assets/base.webp.import[39m[0m
[   3% ] [90m[1msavepack[22m | Storing File: res://.godot/imported/berries-outlined.webp-2bbdec5d580ccede91338795705b012c.ctex[39m[0m
[   3% ] [90m[1msavepack[22m | Storing File: res://assets/berries-outlined.webp.import[39m[0m
[   4% ] [90m[1msavepack[22m | Storing File: res://.godot/imported/berries.webp-082978f644222fc9c1cb8e15077d96a6.ctex[39m[0m
[   4% ] [90m[1msavepack[22m | Storing File: res://assets/berries.webp.import[39m[0m
[   5% ] [90m[1msavepack[22m | Storing File: res://.godot/imported/birch-outlined.webp-8adb7989995564a7b64a19ac324e2cd1.ctex[39m[0m
[   5% ] [90m[1msavepack[22m | Storing File: res://assets/birch-outlined.webp.import[39m[0m
[   6% ] [90m[1msavepack[22m | Storing File: res://.godot/imported/birch.webp-94ebc7e5ade80b3d388b016eb0da85f3.ctex[39m[0m
[   6% ] [90m[1msavepack[22m | Storing File: res://assets/birch.webp.import[39m[0m
[   6% ] [90m[1msavepack[22m | Storing File: res://.godot/imported/bridge-outlined.webp-5ec9efa39b2c8c372a6584231fa1c51c.ctex[39m[0m
[   6% ] [90m[1msavepack[22m | Storing File: res://assets/bridge-outlined.webp.import[39m[0m
[   7% ] [90m[1msavepack[22m | Storing File: res://.godot/imported/bridge.webp-6c2be4111907fa647425f92326468bdb.ctex[39m[0m
[   7% ] [90m[1msavepack[22m | Storing File: res://assets/bridge.webp.import[39m[0m
[   8% ] [90m[1msavepack[22m | Storing File: res://.godot/imported/card-background.webp-6be9f080ec76097dc6b6f7a41cfb16ad.ctex[39m[0m
[   8% ] [90m[1msavepack[22m | Storing File: res://assets/card-background.webp.import[39m[0m
[   9% ] [90m[1msavepack[22m | Storing File: res://.godot/imported/card-base.webp-1bab5e564f57f7a987cc8d834a348864.ctex[39m[0m
[   9% ] [90m[1msavepack[22m | Storing File: res://assets/card-base.webp.import[39m[0m
[  10% ] [90m[1msavepack[22m | Storing File: res://.godot/imported/card-hero.webp-9971c7d104bf01cfa88c2e22cb93d780.ctex[39m[0m
[  10% ] [90m[1msavepack[22m | Storing File: res://assets/card-hero.webp.import[39m[0m
[  11% ] [90m[1msavepack[22m | Storing File: res://.godot/imported/cart-outlined.webp-eb5ba0902668b8f6fbf9f5d82ff15842.ctex[39m[0m
[  11% ] [90m[1msavepack[22m | Storing File: res://assets/cart-outlined.webp.import[39m[0m
[  12% ] [90m[1msavepack[22m | Storing File: res://.godot/imported/cart.webp-be6eda57bb176172dc0d02a4aff1df16.ctex[39m[0m
[  12% ] [90m[1msavepack[22m | Storing File: res://assets/cart.webp.import[39m[0m
[  12% ] [90m[1msavepack[22m | Storing File: res://.godot/imported/crit-0.webp-2bf7037f537d6bd3ba9deaca61a61ebf.ctex[39m[0m
[  12% ] [90m[1msavepack[22m | Storing File: res://assets/crit-0.webp.import[39m[0m
[  13% ] [90m[1msavepack[22m | Storing File: res://.godot/imported/crit-1.webp-8afa8305b898f1ed385e70a57c3a2e12.ctex[39m[0m
[  13% ] [90m[1msavepack[22m | Storing File: res://assets/crit-1.webp.import[39m[0m
[  14% ] [90m[1msavepack[22m | Storing File: res://.godot/imported/crit-2.webp-f3bf4c12261d09ee3552b2cfda1b9504.ctex[39m[0m
[  14% ] [90m[1msavepack[22m | Storing File: res://assets/crit-2.webp.import[39m[0m
[  15% ] [90m[1msavepack[22m | Storing File: res://.godot/imported/crit-3.webp-886aa18f4d6fd9cf107521c419c859f0.ctex[39m[0m
[  15% ] [90m[1msavepack[22m | Storing File: res://assets/crit-3.webp.import[39m[0m
[  16% ] [90m[1msavepack[22m | Storing File: res://.godot/imported/crit-4.webp-0f204496a60cacb0c39cda8da471089f.ctex[39m[0m
[  16% ] [90m[1msavepack[22m | Storing File: res://assets/crit-4.webp.import[39m[0m
[  17% ] [90m[1msavepack[22m | Storing File: res://.godot/imported/crit-5.webp-4d6a21a556ded40e388930869daff47e.ctex[39m[0m
[  17% ] [90m[1msavepack[22m | Storing File: res://assets/crit-5.webp.import[39m[0m
[  18% ] [90m[1msavepack[22m | Storing File: res://.godot/imported/crit-6.webp-2bcb2a0b1a19827d12e1b779ac556f56.ctex[39m[0m
[  18% ] [90m[1msavepack[22m | Storing File: res://assets/crit-6.webp.import[39m[0m
[  18% ] [90m[1msavepack[22m | Storing File: res://.godot/imported/crit-7.webp-2f89e6c86b497d4b8219c44c67acaefe.ctex[39m[0m
[  18% ] [90m[1msavepack[22m | Storing File: res://assets/crit-7.webp.import[39m[0m
[  19% ] [90m[1msavepack[22m | Storing File: res://.godot/imported/crit-8.webp-8f10796c096a353fd549504b20bfeaf3.ctex[39m[0m
[  19% ] [90m[1msavepack[22m | Storing File: res://assets/crit-8.webp.import[39m[0m
[  20% ] [90m[1msavepack[22m | Storing File: res://.godot/imported/crit-9.webp-4f47f66ba7a710a4a44321b512ea71d2.ctex[39m[0m
[  20% ] [90m[1msavepack[22m | Storing File: res://assets/crit-9.webp.import[39m[0m
[  21% ] [90m[1msavepack[22m | Storing File: res://.godot/imported/digit-0.webp-5851539c5632706c13efb27949dd1fd3.ctex[39m[0m
[  21% ] [90m[1msavepack[22m | Storing File: res://assets/digit-0.webp.import[39m[0m
[  22% ] [90m[1msavepack[22m | Storing File: res://.godot/imported/digit-1.webp-5d974b71545c31e1b792728221195b00.ctex[39m[0m
[  22% ] [90m[1msavepack[22m | Storing File: res://assets/digit-1.webp.import[39m[0m
[  23% ] [90m[1msavepack[22m | Storing File: res://.godot/imported/digit-2.webp-4a1e4ad08446f200f8d35061893337b4.ctex[39m[0m
[  23% ] [90m[1msavepack[22m | Storing File: res://assets/digit-2.webp.import[39m[0m
[  24% ] [90m[1msavepack[22m | Storing File: res://.godot/imported/digit-3.webp-5b7922f6f2261f36b761cfe3c750b0f0.ctex[39m[0m
[  24% ] [90m[1msavepack[22m | Storing File: res://assets/digit-3.webp.import[39m[0m
[  24% ] [90m[1msavepack[22m | Storing File: res://.godot/imported/digit-4.webp-ba3d6432fb3b4aeec8c283697140b498.ctex[39m[0m
[  24% ] [90m[1msavepack[22m | Storing File: res://assets/digit-4.webp.import[39m[0m
[  25% ] [90m[1msavepack[22m | Storing File: res://.godot/imported/digit-5.webp-c13b7af34ec16e2552b50daf7eaaaf85.ctex[39m[0m
[  25% ] [90m[1msavepack[22m | Storing File: res://assets/digit-5.webp.import[39m[0m
[  26% ] [90m[1msavepack[22m | Storing File: res://.godot/imported/digit-6.webp-69c2f30e7d4655d4b24bbb306a651771.ctex[39m[0m
[  26% ] [90m[1msavepack[22m | Storing File: res://assets/digit-6.webp.import[39m[0m
[  27% ] [90m[1msavepack[22m | Storing File: res://.godot/imported/digit-7.webp-5a16497bc94df8f2f101ee6af3545522.ctex[39m[0m
[  27% ] [90m[1msavepack[22m | Storing File: res://assets/digit-7.webp.import[39m[0m
[  28% ] [90m[1msavepack[22m | Storing File: res://.godot/imported/digit-8.webp-d4485878a5c82e0b7a45a19f09396e19.ctex[39m[0m
[  28% ] [90m[1msavepack[22m | Storing File: res://assets/digit-8.webp.import[39m[0m
[  29% ] [90m[1msavepack[22m | Storing File: res://.godot/imported/digit-9.webp-1292d165629dc140b3367d7794570643.ctex[39m[0m
[  29% ] [90m[1msavepack[22m | Storing File: res://assets/digit-9.webp.import[39m[0m
[  30% ] [90m[1msavepack[22m | Storing File: res://.godot/imported/equipment-armor.webp-2dc2aa42489281ac3026fb598ade044b.ctex[39m[0m
[  30% ] [90m[1msavepack[22m | Storing File: res://assets/equipment-armor.webp.import[39m[0m
[  30% ] [90m[1msavepack[22m | Storing File: res://.godot/imported/equipment-boots.webp-559176d3f680d6dd9ec76e2a2816c950.ctex[39m[0m
[  30% ] [90m[1msavepack[22m | Storing File: res://assets/equipment-boots.webp.import[39m[0m
[  31% ] [90m[1msavepack[22m | Storing File: res://.godot/imported/equipment-cape.webp-2d1743ba1a8398b387f461d566482a85.ctex[39m[0m
[  31% ] [90m[1msavepack[22m | Storing File: res://assets/equipment-cape.webp.import[39m[0m
[  32% ] [90m[1msavepack[22m | Storing File: res://.godot/imported/equipment-sword.webp-d52a6011e136762b797683ebc15a5fed.ctex[39m[0m
[  32% ] [90m[1msavepack[22m | Storing File: res://assets/equipment-sword.webp.import[39m[0m
[  33% ] [90m[1msavepack[22m | Storing File: res://.godot/imported/fence-outlined.webp-c3b4a17ab0867b8c9065decfaabd1d67.ctex[39m[0m
[  33% ] [90m[1msavepack[22m | Storing File: res://assets/fence-outlined.webp.import[39m[0m
[  33% ] [90m[1msavepack[22m | Storing File: res://.godot/imported/fence.webp-31caf4fd2f30e7c2d978c9aaef95a957.ctex[39m[0m
[  33% ] [90m[1msavepack[22m | Storing File: res://assets/fence.webp.import[39m[0m
[  34% ] [90m[1msavepack[22m | Storing File: res://.godot/imported/fern-outlined.webp-7b18ec9e7a94729f7b2469d7ca8bc038.ctex[39m[0m
[  34% ] [90m[1msavepack[22m | Storing File: res://assets/fern-outlined.webp.import[39m[0m
[  35% ] [90m[1msavepack[22m | Storing File: res://.godot/imported/fern.webp-6371ad64fed0e8a6d21f6129c3bad5d3.ctex[39m[0m
[  35% ] [90m[1msavepack[22m | Storing File: res://assets/fern.webp.import[39m[0m
[  35% ] [90m[1msavepack[22m | Storing File: res://.godot/imported/floor-grass-a.webp-542e11b573da8654d157447ea891155a.ctex[39m[0m
[  35% ] [90m[1msavepack[22m | Storing File: res://assets/floor-grass-a.webp.import[39m[0m
[  36% ] [90m[1msavepack[22m | Storing File: res://.godot/imported/floor-grass-b.webp-f74e57401abbb165ddd0a068da032549.ctex[39m[0m
[  36% ] [90m[1msavepack[22m | Storing File: res://assets/floor-grass-b.webp.import[39m[0m
[  37% ] [90m[1msavepack[22m | Storing File: res://.godot/imported/floor-moss.webp-b65acdd6aaa1133da5bfe7d289c2d07a.ctex[39m[0m
[  37% ] [90m[1msavepack[22m | Storing File: res://assets/floor-moss.webp.import[39m[0m
[  38% ] [90m[1msavepack[22m | Storing File: res://.godot/imported/floor-path.webp-73bfff22a2fff4f4034bf434af14030a.ctex[39m[0m
[  38% ] [90m[1msavepack[22m | Storing File: res://assets/floor-path.webp.import[39m[0m
[  39% ] [90m[1msavepack[22m | Storing File: res://.godot/imported/flowers-outlined.webp-579a56cb4533041484a8f7a40f7d7a12.ctex[39m[0m
[  39% ] [90m[1msavepack[22m | Storing File: res://assets/flowers-outlined.webp.import[39m[0m
[  40% ] [90m[1msavepack[22m | Storing File: res://.godot/imported/flowers.webp-d178653ad78a83382f7f89c0331f57a1.ctex[39m[0m
[  40% ] [90m[1msavepack[22m | Storing File: res://assets/flowers.webp.import[39m[0m
[  41% ] [90m[1msavepack[22m | Storing File: res://.godot/imported/fx-burst.webp-bf2e90daf77f745536311fb68dd72a4b.ctex[39m[0m
[  41% ] [90m[1msavepack[22m | Storing File: res://assets/fx-burst.webp.import[39m[0m
[  41% ] [90m[1msavepack[22m | Storing File: res://.godot/imported/fx-claw.webp-0c3a4693cab44c2704f546328bf966bb.ctex[39m[0m
[  41% ] [90m[1msavepack[22m | Storing File: res://assets/fx-claw.webp.import[39m[0m
[  42% ] [90m[1msavepack[22m | Storing File: res://.godot/imported/fx-critical.webp-a504bd3fd13c4bd76d14d1fe8719eff3.ctex[39m[0m
[  42% ] [90m[1msavepack[22m | Storing File: res://assets/fx-critical.webp.import[39m[0m
[  43% ] [90m[1msavepack[22m | Storing File: res://.godot/imported/fx-death.webp-d8e4860fde76e381c8bba87f852a1fa0.ctex[39m[0m
[  43% ] [90m[1msavepack[22m | Storing File: res://assets/fx-death.webp.import[39m[0m
[  44% ] [90m[1msavepack[22m | Storing File: res://.godot/imported/fx-dust.webp-537fdacf3fa46a64f56822952e9f9ff6.ctex[39m[0m
[  44% ] [90m[1msavepack[22m | Storing File: res://assets/fx-dust.webp.import[39m[0m
[  45% ] [90m[1msavepack[22m | Storing File: res://.godot/imported/fx-heal.webp-c196f23b44d21423c27cf8650acff9ec.ctex[39m[0m
[  45% ] [90m[1msavepack[22m | Storing File: res://assets/fx-heal.webp.import[39m[0m
[  46% ] [90m[1msavepack[22m | Storing File: res://.godot/imported/fx-impact.webp-2a0565853e41be4167c7367580ab596a.ctex[39m[0m
[  46% ] [90m[1msavepack[22m | Storing File: res://assets/fx-impact.webp.import[39m[0m
[  47% ] [90m[1msavepack[22m | Storing File: res://.godot/imported/fx-slash.webp-06059c833850d6262891bbb5958e37ab.ctex[39m[0m
[  47% ] [90m[1msavepack[22m | Storing File: res://assets/fx-slash.webp.import[39m[0m
[  47% ] [90m[1msavepack[22m | Storing File: res://.godot/imported/fx-wind.webp-9a9eb06a855877af934f2cce175dd1ce.ctex[39m[0m
[  47% ] [90m[1msavepack[22m | Storing File: res://assets/fx-wind.webp.import[39m[0m
[  48% ] [90m[1msavepack[22m | Storing File: res://.godot/imported/gate-outlined.webp-84cc9ce68d009b0f422ff84c931f485c.ctex[39m[0m
[  48% ] [90m[1msavepack[22m | Storing File: res://assets/gate-outlined.webp.import[39m[0m
[  49% ] [90m[1msavepack[22m | Storing File: res://.godot/imported/gate.webp-f5788912259bea7c1ef1ab56e3e1ec7a.ctex[39m[0m
[  49% ] [90m[1msavepack[22m | Storing File: res://assets/gate.webp.import[39m[0m
[  50% ] [90m[1msavepack[22m | Storing File: res://.godot/imported/heal-0.webp-3e750a9a74b4718eac55df928acfeac7.ctex[39m[0m
[  50% ] [90m[1msavepack[22m | Storing File: res://assets/heal-0.webp.import[39m[0m
[  51% ] [90m[1msavepack[22m | Storing File: res://.godot/imported/heal-1.webp-02ecc38a1342426d774aa5fa2846b526.ctex[39m[0m
[  51% ] [90m[1msavepack[22m | Storing File: res://assets/heal-1.webp.import[39m[0m
[  52% ] [90m[1msavepack[22m | Storing File: res://.godot/imported/heal-2.webp-e96d88322f7c9378b570978cc0074e83.ctex[39m[0m
[  52% ] [90m[1msavepack[22m | Storing File: res://assets/heal-2.webp.import[39m[0m
[  52% ] [90m[1msavepack[22m | Storing File: res://.godot/imported/heal-3.webp-c4602a31ad1936fc8070afe633e127ae.ctex[39m[0m
[  52% ] [90m[1msavepack[22m | Storing File: res://assets/heal-3.webp.import[39m[0m
[  53% ] [90m[1msavepack[22m | Storing File: res://.godot/imported/heal-4.webp-3c8f41ad3d270f725921f685b7cb8139.ctex[39m[0m
[  53% ] [90m[1msavepack[22m | Storing File: res://assets/heal-4.webp.import[39m[0m
[  54% ] [90m[1msavepack[22m | Storing File: res://.godot/imported/heal-5.webp-0efa06539717cf93b5ca53c0c6133775.ctex[39m[0m
[  54% ] [90m[1msavepack[22m | Storing File: res://assets/heal-5.webp.import[39m[0m
[  55% ] [90m[1msavepack[22m | Storing File: res://.godot/imported/heal-6.webp-0cc89ce7700d5d2d7d6e99901b9bc93a.ctex[39m[0m
[  55% ] [90m[1msavepack[22m | Storing File: res://assets/heal-6.webp.import[39m[0m
[  56% ] [90m[1msavepack[22m | Storing File: res://.godot/imported/heal-7.webp-b96d0087f936326d6303d713ae21f085.ctex[39m[0m
[  56% ] [90m[1msavepack[22m | Storing File: res://assets/heal-7.webp.import[39m[0m
[  57% ] [90m[1msavepack[22m | Storing File: res://.godot/imported/heal-8.webp-68a4ed5898c4aa12141c0f85f595ac5b.ctex[39m[0m
[  57% ] [90m[1msavepack[22m | Storing File: res://assets/heal-8.webp.import[39m[0m
[  58% ] [90m[1msavepack[22m | Storing File: res://.godot/imported/heal-9.webp-210b0344fcb76d5d3ee3028397a37ff7.ctex[39m[0m
[  58% ] [90m[1msavepack[22m | Storing File: res://assets/heal-9.webp.import[39m[0m
[  58% ] [90m[1msavepack[22m | Storing File: res://.godot/imported/hero-clean.webp-e7f70cbc034cb86143b45c70bfa30776.ctex[39m[0m
[  58% ] [90m[1msavepack[22m | Storing File: res://assets/hero-clean.webp.import[39m[0m
[  59% ] [90m[1msavepack[22m | Storing File: res://.godot/imported/hero.webp-6b4fdbab4161bd6c2629d9baf8ba2446.ctex[39m[0m
[  59% ] [90m[1msavepack[22m | Storing File: res://assets/hero.webp.import[39m[0m
[  60% ] [90m[1msavepack[22m | Storing File: res://.godot/imported/icon-attack.webp-cd6542f30f92ab22a363522d08af88e4.ctex[39m[0m
[  60% ] [90m[1msavepack[22m | Storing File: res://assets/icon-attack.webp.import[39m[0m
[  61% ] [90m[1msavepack[22m | Storing File: res://.godot/imported/icon-burst.webp-d16a414a5233725b5531d44fcfd1e288.ctex[39m[0m
[  61% ] [90m[1msavepack[22m | Storing File: res://assets/icon-burst.webp.import[39m[0m
[  62% ] [90m[1msavepack[22m | Storing File: res://.godot/imported/icon-dash.webp-ed1cbc48d1ba77d8e15c46337917b226.ctex[39m[0m
[  62% ] [90m[1msavepack[22m | Storing File: res://assets/icon-dash.webp.import[39m[0m
[  63% ] [90m[1msavepack[22m | Storing File: res://.godot/imported/icon-heal.webp-88e7dcf25f238137b7617350e0df42b6.ctex[39m[0m
[  63% ] [90m[1msavepack[22m | Storing File: res://assets/icon-heal.webp.import[39m[0m
[  64% ] [90m[1msavepack[22m | Storing File: res://.godot/imported/lantern-outlined.webp-777a000fcbf066a63d45f9b7c1092504.ctex[39m[0m
[  64% ] [90m[1msavepack[22m | Storing File: res://assets/lantern-outlined.webp.import[39m[0m
[  64% ] [90m[1msavepack[22m | Storing File: res://.godot/imported/lantern.webp-313b430b51a41a8bc5860c27261a3cd3.ctex[39m[0m
[  64% ] [90m[1msavepack[22m | Storing File: res://assets/lantern.webp.import[39m[0m
[  65% ] [90m[1msavepack[22m | Storing File: res://.godot/imported/loot-exp.webp-0b8401e8da4dc7e71d336d48e4849276.ctex[39m[0m
[  65% ] [90m[1msavepack[22m | Storing File: res://assets/loot-exp.webp.import[39m[0m
[  66% ] [90m[1msavepack[22m | Storing File: res://.godot/imported/loot-gel.webp-e64c3aec2b0023e9945b27515b38d6fa.ctex[39m[0m
[  66% ] [90m[1msavepack[22m | Storing File: res://assets/loot-gel.webp.import[39m[0m
[  66% ] [90m[1msavepack[22m | Storing File: res://.godot/imported/loot-gold.webp-eca245eeda689a921c391bd9e2642594.ctex[39m[0m
[  66% ] [90m[1msavepack[22m | Storing File: res://assets/loot-gold.webp.import[39m[0m
[  67% ] [90m[1msavepack[22m | Storing File: res://.godot/imported/loot-rare.webp-5ab76b3324c0d35a7f30bcaf54afdcc1.ctex[39m[0m
[  67% ] [90m[1msavepack[22m | Storing File: res://assets/loot-rare.webp.import[39m[0m
[  68% ] [90m[1msavepack[22m | Storing File: res://.godot/imported/loot-spore.webp-e4cd8a1bc812192104bb88d6cda864ae.ctex[39m[0m
[  68% ] [90m[1msavepack[22m | Storing File: res://assets/loot-spore.webp.import[39m[0m
[  69% ] [90m[1msavepack[22m | Storing File: res://.godot/imported/mushroom-clean.webp-d8cd93e5456856cab44c92ed719e4d20.ctex[39m[0m
[  69% ] [90m[1msavepack[22m | Storing File: res://assets/mushroom-clean.webp.import[39m[0m
[  69% ] [90m[1msavepack[22m | Storing File: res://.godot/imported/mushroom.webp-f4f11db2ca13f45a920d698f47d85282.ctex[39m[0m
[  69% ] [90m[1msavepack[22m | Storing File: res://assets/mushroom.webp.import[39m[0m
[  70% ] [90m[1msavepack[22m | Storing File: res://.godot/imported/oak-outlined.webp-2810d156a7db3a6c7915adcbd6a5a9a8.ctex[39m[0m
[  70% ] [90m[1msavepack[22m | Storing File: res://assets/oak-outlined.webp.import[39m[0m
[  71% ] [90m[1msavepack[22m | Storing File: res://.godot/imported/oak.webp-2cd15c78a82904138672fccf10705f05.ctex[39m[0m
[  71% ] [90m[1msavepack[22m | Storing File: res://assets/oak.webp.import[39m[0m
[  72% ] [90m[1msavepack[22m | Storing File: res://.godot/imported/pine-outlined.webp-9d192849aa088a54547d890bb1d11227.ctex[39m[0m
[  72% ] [90m[1msavepack[22m | Storing File: res://assets/pine-outlined.webp.import[39m[0m
[  73% ] [90m[1msavepack[22m | Storing File: res://.godot/imported/pine.webp-6d3fb040f84b49fa959bb7fb6a18facf.ctex[39m[0m
[  73% ] [90m[1msavepack[22m | Storing File: res://assets/pine.webp.import[39m[0m
[  74% ] [90m[1msavepack[22m | Storing File: res://.godot/imported/portrait.webp-dfb13f5ec1069846f50c18d0707d57bb.ctex[39m[0m
[  74% ] [90m[1msavepack[22m | Storing File: res://assets/portrait.webp.import[39m[0m
[  75% ] [90m[1msavepack[22m | Storing File: res://.godot/imported/rocks-clean.webp-9c83468555039b966c0b69f4864f8083.ctex[39m[0m
[  75% ] [90m[1msavepack[22m | Storing File: res://assets/rocks-clean.webp.import[39m[0m
[  75% ] [90m[1msavepack[22m | Storing File: res://.godot/imported/rocks.webp-3c97436b5fe24017bdfaa356d30a9266.ctex[39m[0m
[  75% ] [90m[1msavepack[22m | Storing File: res://assets/rocks.webp.import[39m[0m
[  76% ] [90m[1msavepack[22m | Storing File: res://.godot/imported/skill-area.webp-cb612edafba8b3bc0a3d451da1d67e43.ctex[39m[0m
[  76% ] [90m[1msavepack[22m | Storing File: res://assets/skill-area.webp.import[39m[0m
[  77% ] [90m[1msavepack[22m | Storing File: res://.godot/imported/skill-heal.webp-09cdc1ff67f956a686f974fde23a0be0.ctex[39m[0m
[  77% ] [90m[1msavepack[22m | Storing File: res://assets/skill-heal.webp.import[39m[0m
[  78% ] [90m[1msavepack[22m | Storing File: res://.godot/imported/skill-melee.webp-bfbabda7f6d2d0a4b13d008449c0f09d.ctex[39m[0m
[  78% ] [90m[1msavepack[22m | Storing File: res://assets/skill-melee.webp.import[39m[0m
[  79% ] [90m[1msavepack[22m | Storing File: res://.godot/imported/slime-clean.webp-6a851206167857b4181ce4046477139a.ctex[39m[0m
[  79% ] [90m[1msavepack[22m | Storing File: res://assets/slime-clean.webp.import[39m[0m
[  80% ] [90m[1msavepack[22m | Storing File: res://.godot/imported/slime.webp-33870beaee80a5b54a9a2cc29739b6b2.ctex[39m[0m
[  80% ] [90m[1msavepack[22m | Storing File: res://assets/slime.webp.import[39m[0m
[  81% ] [90m[1msavepack[22m | Storing File: res://.godot/imported/terrain-grass.webp-3ff8d0c44000194f28f4370f5be9a771.ctex[39m[0m
[  81% ] [90m[1msavepack[22m | Storing File: res://assets/terrain-grass.webp.import[39m[0m
[  81% ] [90m[1msavepack[22m | Storing File: res://.godot/imported/terrain-stone.webp-076181e431196972f5691f00aec2a566.ctex[39m[0m
[  81% ] [90m[1msavepack[22m | Storing File: res://assets/terrain-stone.webp.import[39m[0m
[  82% ] [90m[1msavepack[22m | Storing File: res://.godot/imported/terrain-water.webp-213846a22d58ca8018eacc07a7cdf472.ctex[39m[0m
[  82% ] [90m[1msavepack[22m | Storing File: res://assets/terrain-water.webp.import[39m[0m
[  83% ] [90m[1msavepack[22m | Storing File: res://.godot/imported/tree-clean.webp-d374b9e2fac2a93e910085013b6aeea0.ctex[39m[0m
[  83% ] [90m[1msavepack[22m | Storing File: res://assets/tree-clean.webp.import[39m[0m
[  84% ] [90m[1msavepack[22m | Storing File: res://.godot/imported/tree.webp-5792c4ab1149cae6614d52cbfe435210.ctex[39m[0m
[  84% ] [90m[1msavepack[22m | Storing File: res://assets/tree.webp.import[39m[0m
[  85% ] [90m[1msavepack[22m | Storing File: res://.godot/imported/windhill-serif-bold.woff-745b4a99285ffe49cd8002a678487d56.fontdata[39m[0m
[  85% ] [90m[1msavepack[22m | Storing File: res://assets/windhill-serif-bold.woff.import[39m[0m
[  86% ] [90m[1msavepack[22m | Storing File: res://.godot/imported/windhill-serif.woff-af005b704bb9089ecb7ef4862fa79d47.fontdata[39m[0m
[  86% ] [90m[1msavepack[22m | Storing File: res://assets/windhill-serif.woff.import[39m[0m
[  87% ] [90m[1msavepack[22m | Storing File: res://data/balance.json[39m[0m
[  87% ] [90m[1msavepack[22m | Storing File: res://data/grove.json[39m[0m
[  88% ] [90m[1msavepack[22m | Storing File: res://data/meta.json[39m[0m
[  89% ] [90m[1msavepack[22m | Storing File: res://.godot/exported/133200997/export-4a24720ee5e787dbe30abc634fa3679d-Main.scn[39m[0m
[  90% ] [90m[1msavepack[22m | Storing File: res://scripts/combat.gdc[39m[0m
[  91% ] [90m[1msavepack[22m | Storing File: res://scripts/enemy.gdc[39m[0m
[  92% ] [90m[1msavepack[22m | Storing File: res://scripts/ground.gdc[39m[0m
[  93% ] [90m[1msavepack[22m | Storing File: res://scripts/hud.gdc[39m[0m
[  93% ] [90m[1msavepack[22m | Storing File: res://scripts/iso.gdc[39m[0m
[  94% ] [90m[1msavepack[22m | Storing File: res://scripts/main.gdc[39m[0m
[  95% ] [90m[1msavepack[22m | Storing File: res://scripts/player.gdc[39m[0m
[  96% ] [90m[1msavepack[22m | Storing File: res://scripts/save.gdc[39m[0m
[  97% ] [90m[1msavepack[22m | Storing File: res://scripts/world.gdc[39m[0m
[  98% ] [90m[1msavepack[22m | Storing File: res://.godot/imported/icon.svg-218a8f2b3041327d8a5756f3a245f83b.ctex[39m[0m
[  98% ] [90m[1msavepack[22m | Storing File: res://icon.svg.import[39m[0m
[  98% ] [90m[1msavepack[22m | Storing File: res://scenes/Main.tscn.remap[39m[0m
[  98% ] [90m[1msavepack[22m | Storing File: res://scripts/combat.gd.remap[39m[0m
[  98% ] [90m[1msavepack[22m | Storing File: res://scripts/enemy.gd.remap[39m[0m
[  98% ] [90m[1msavepack[22m | Storing File: res://scripts/ground.gd.remap[39m[0m
[  98% ] [90m[1msavepack[22m | Storing File: res://scripts/hud.gd.remap[39m[0m
[  98% ] [90m[1msavepack[22m | Storing File: res://scripts/iso.gd.remap[39m[0m
[  98% ] [90m[1msavepack[22m | Storing File: res://scripts/main.gd.remap[39m[0m
[  98% ] [90m[1msavepack[22m | Storing File: res://scripts/player.gd.remap[39m[0m
[  98% ] [90m[1msavepack[22m | Storing File: res://scripts/save.gd.remap[39m[0m
[  98% ] [90m[1msavepack[22m | Storing File: res://scripts/world.gd.remap[39m[0m
[  98% ] [90m[1msavepack[22m | Storing File: res://.godot/global_script_class_cache.cfg[39m[0m
[  98% ] [90m[1msavepack[22m | Storing File: res://.godot/uid_cache.bin[39m[0m
[  98% ] [90m[1msavepack[22m | Storing File: res://project.binary[39m[0m
[92m[ DONE ][39m [1msavepack[22m
[0m
cannot connect to daemon at tcp:5037: Connection refused
